Script started on 2020-01-23 15:00:50-05:00 [TERM="xterm-256color" TTY="/dev/pts/0" COLUMNS="80" LINES="24"]
amchugh2@g7-26:~/tmp/lab0$ ls ~/.ssh
authorized_keys  id_rsa  id_rsa.pub  known_hosts
amchugh2@g7-26:~/tmp/lab0$ ssh-keygen
Generating public/private rsa key pair.
Enter file in which to save the key (/home/amchugh2/.ssh/id_rsa): 
/home/amchugh2/.ssh/id_rsa already exists.
Overwrite (y/n)? y
Enter passphrase (empty for no passphrase): 
Enter same passphrase again: 
Your identification has been saved in /home/amchugh2/.ssh/id_rsa.
Your public key has been saved in /home/amchugh2/.ssh/id_rsa.pub.
The key fingerprint is:
SHA256:Q8uFyNZH7gTr3XIvmw3ywONKS9PUZq/btU24jsM2NVQ amchugh2@g7-26
The key's randomart image is:
+---[RSA 2048]----+
|        . .      |
|     . o *      E|
|      + = =    . |
|     . + B o  .  |
|        S = *.   |
|         = = oo. |
|        + *.o.+.o|
|       o + ==X +o|
|        o...B==..|
+----[SHA256]-----+
amchugh2@g7-26:~/tmp/lab0$ ls
log0.LOG
amchugh2@g7-26:~/tmp/lab0$ lsssh-keygen[1Pls ~/.ssh
authorized_keys  id_rsa  id_rsa.pub  known_hosts
amchugh2@g7-26:~/tmp/lab0$ ssh [K-copy-id -i amchugh@[K2@remote
/usr/bin/ssh-copy-id: INFO: Source of key(s) to be installed: "/home/amchugh2/.ssh/id_rsa.pub"
/usr/bin/ssh-copy-id: INFO: attempting to log in with the new key(s), to filter out any that are already installed
/usr/bin/ssh-copy-id: INFO: 1 key(s) remain to be installed -- if you are prompted now it is to install the new keys
amchugh2@remote's password: 

Number of key(s) added: 1

Now try logging into the machine, with:   "ssh 'amchugh2@remote'"
and check to make sure that only the key(s) you wanted were added.
amchugh2@g7-26:/import/linux/home1/amchugh2$ cd ..
amchugh2@g7-26:/import/linux/home1$ cd ..
amchugh2@g7-26:/import/linux$ cd ..
amchugh2@g7-26:/import$ cd
amchugh2@g7-26:~$ ls
amchugh2.circ  cs220	       good	  lab2	     Music	 Videos
Arduino        Desktop	       i220a	  lab2final  Pictures
cs120	       Documents       i220a.bak  lab2good   Public
cs120lab4      Downloads       i220a_new  lab3	     Templates
cs120lab6      git-repos       i220X	  lab5	     tmp
cs120lab7      git-repos_copy  lab	  lab8	     toneMelody
amchugh2@g7-26:~$ cd lab
amchugh2@g7-26:~/lab$ ls
lab2  lab2.c  lab2.c~
amchugh2@g7-26:~/lab$ cd ..
amchugh2@g7-26:~$ ls
amchugh2.circ  cs220	       good	  lab2	     Music	 Videos
Arduino        Desktop	       i220a	  lab2final  Pictures
cs120	       Documents       i220a.bak  lab2good   Public
cs120lab4      Downloads       i220a_new  lab3	     Templates
cs120lab6      git-repos       i220X	  lab5	     tmp
cs120lab7      git-repos_copy  lab	  lab8	     toneMelody
amchugh2@g7-26:~$ mkdir -p ~/tmp/lab0
amchugh2@g7-26:~$ cd tmp
amchugh2@g7-26:~/tmp$ ls
lab0  lab8  vimrc.vim.swp
amchugh2@g7-26:~/tmp$ cd lab0
amchugh2@g7-26:~/tmp/lab0$ ls
log0.LOG
amchugh2@g7-26:~/tmp/lab0$ cd ..
amchugh2@g7-26:~/tmp$ cd ..
amchugh2@g7-26:~$ ~/.profile
bash: /home/amchugh2/.profile: No such file or directory
amchugh2@g7-26:~$ . ~umrigar/cs240/bin/student.profile
bash: /home/umrigar/cs240/bin/student.profile: Permission denied
amchugh2@g7-26:~$ cd
amchugh2@g7-26:~$ ls
amchugh2.circ  cs220	       good	  lab2	     Music	 Videos
Arduino        Desktop	       i220a	  lab2final  Pictures
cs120	       Documents       i220a.bak  lab2good   Public
cs120lab4      Downloads       i220a_new  lab3	     Templates
cs120lab6      git-repos       i220X	  lab5	     tmp
cs120lab7      git-repos_copy  lab	  lab8	     toneMelody
amchugh2@g7-26:~$ vim ~/.profile
amchugh2@g7-26:~$ vim ~/.profile
amchugh2@g7-26:~$ ls
amchugh2.circ  cs220	       good	  lab2	     Music	 Videos
Arduino        Desktop	       i220a	  lab2final  Pictures
cs120	       Documents       i220a.bak  lab2good   Public
cs120lab4      Downloads       i220a_new  lab3	     Templates
cs120lab6      git-repos       i220X	  lab5	     tmp
cs120lab7      git-repos_copy  lab	  lab8	     toneMelody
amchugh2@g7-26:~$ touch ~/.profile
amchugh2@g7-26:~$ vim ~/.profile
amchugh2@g7-26:~$ ls
amchugh2.circ  cs220	       good	  lab2	     Music	 Videos
Arduino        Desktop	       i220a	  lab2final  Pictures
cs120	       Documents       i220a.bak  lab2good   Public
cs120lab4      Downloads       i220a_new  lab3	     Templates
cs120lab6      git-repos       i220X	  lab5	     tmp
cs120lab7      git-repos_copy  lab	  lab8	     toneMelody
amchugh2@g7-26:~$ touch ~/.bashrc
amchugh2@g7-26:~$ vim ~/.profile
amchugh2@g7-26:~$ vim ~/.profile
amchugh2@g7-26:~$ vim ~/.bashrc
amchugh2@g7-26:~$ mkdir -p ~/projects
amchugh2@g7-26:~$ cd ~/projects
amchugh2@g7-26:~/projects$ git clone ssh://amchugh2@remote.cs.binghamton.edu/~umrigar/git-repos/cs240.git
Cloning into 'cs240'...
/home/amchugh2/.bashrc: line 1: /home/umrigar/cs240/bin/student.rc: Permission denied
remote: Enumerating objects: 217, done.
remote: Counting objects: 100% (217/217), done.
remote: Compressing objects: 100% (208/208), done.
remote: Total 217 (delta 92), reused 0 (delta 0)
Receiving objects: 100% (217/217), 3.07 MiB | 5.84 MiB/s, done.
Resolving deltas: 100% (92/92), done.
amchugh2@g7-26:~/projects$ cd ~
amchugh2@g7-26:~$ ln -s projects/cs240 .
amchugh2@g7-26:~$ cd ~/git-repos/cs240
bash: cd: /home/amchugh2/git-repos/cs240: No such file or directory
amchugh2@g7-26:~$ ls
amchugh2.circ  cs220	  git-repos_copy  lab	     lab8	tmp
Arduino        cs240	  good		  lab2	     Music	toneMelody
cs120	       Desktop	  i220a		  lab2final  Pictures	Videos
cs120lab4      Documents  i220a.bak	  lab2good   projects
cs120lab6      Downloads  i220a_new	  lab3	     Public
cs120lab7      git-repos  i220X		  lab5	     Templates
amchugh2@g7-26:~$ cd git-repos
amchugh2@g7-26:~/git-repos$ ls
cs220  git-repos  i220a  i220a_new  lab8.git
amchugh2@g7-26:~/git-repos$ cd ..
amchugh2@g7-26:~$ cd ~/git-repos/
amchugh2@g7-26:~/git-repos$ git clone ssh://amchugh2@remote.cs.binghamton.edu/~umrigar/git-repos/cs240.git
Cloning into 'cs240'...
/home/amchugh2/.bashrc: line 1: /home/umrigar/cs240/bin/student.rc: Permission denied
remote: Enumerating objects: 217, done.
remote: Counting objects: 100% (217/217), done.
remote: Compressing objects: 100% (208/208), done.
remote: Total 217 (delta 92), reused 0 (delta 0)
Receiving objects: 100% (217/217), 3.07 MiB | 5.85 MiB/s, done.
Resolving deltas: 100% (92/92), done.
amchugh2@g7-26:~/git-repos$ cd cs240/
amchugh2@g7-26:~/git-repos/cs240$ git pull
/home/amchugh2/.bashrc: line 1: /home/umrigar/cs240/bin/student.rc: Permission denied
Already up to date.
amchugh2@g7-26:~/git-repos/cs240$ EDITOR=VIM crontab -e
crontabs: No such file or directory
amchugh2@g7-26:~/git-repos/cs240$ EDITOR=vim crontab -e
crontabs: No such file or directory
amchugh2@g7-26:~/git-repos/cs240$ EDITOR=vim crontab -e
crontabs: No such file or directory
amchugh2@g7-26:~/git-repos/cs240$ git log -5
commit 9e96ef3a13ea620d96e7b2a0bc1462d227d670d2 (HEAD -> master, origin/master, origin/HEAD)
Author: zerksis umrigar <umrigar@binghamton.edu>
Date:   Thu Jan 23 14:14:16 2020 -0500

    trivial changes

commit 9e96ef3a13ea620d96e7b2a0bc1462d227d670d2 (HEAD -> master, origin/master, 
origin/HEAD)
Author: zerksis umrigar <umrigar@binghamton.edu>
Date:   Thu Jan 23 14:14:16 2020 -0500

    trivial changes

commit 9e96ef3a13ea620d96e7b2a0bc1462d227d670d2 (HEAD -> master, origin/master, 
origin/HEAD)
Author: zerksis umrigar <umrigar@binghamton.edu>
Date:   Thu Jan 23 14:14:16 2020 -0500

    trivial changes

commit 9e96ef3a13ea620d96e7b2a0bc1462d227d670d2 (HEAD -> master, origin/master, 
origin/HEAD)
Author: zerksis umrigar <umrigar@binghamton.edu>
Date:   Thu Jan 23 14:14:16 2020 -0500

    trivial changes

commit 8d6dd352014a55daef6e897d54d5bc33650ca50f
Author: zerksis umrigar <umrigar@binghamton.edu>
Date:   Thu Jan 23 13:40:58 2020 -0500

    added abet requirements to syllabus

commit 24681db1cd13af495d8c1511f77123e5d91ed1dd
Author: zerksis umrigar <umrigar@binghamton.edu>
Date:   Thu Jan 23 08:17:24 2020 -0500

    added grading guidelines

commit b28da302c11169a1a76ebab0b25099bb8241c34b
Author: zerksis umrigar <umrigar@binghamton.edu>
Date:   Wed Jan 22 22:01:19 2020 -0500

    update syllabus and lab0 with TA info

commit 8d242d7ee425f9c85f96bb6923179e7390091716
Author: zerksis umrigar <umrigar@binghamton.edu>

[1]+  Stopped                 git log -5
amchugh2@g7-26:~/git-repos/cs240$ mkdir -p ~/projects
amchugh2@g7-26:~/git-repos/cs240$ cd ~/projects
amchugh2@g7-26:~/projects$ git clone https://github.com/amchugh2/i240b
Cloning into 'i240b'...
Username for 'https://github.com': amchugh2
Password for 'https://amchugh2@github.com': 
remote: Enumerating objects: 4, done.
remote: Counting objects: 100% (4/4), done.
remote: Compressing objects: 100% (3/3), done.
remote: Total 4 (delta 0), reused 0 (delta 0), pack-reused 0
Unpacking objects: 100% (4/4), done.
amchugh2@g7-26:~/projects$ cd ..
amchugh2@g7-26:~$ ls ~/.ssh
authorized_keys  id_rsa  id_rsa.pub  known_hosts
amchugh2@g7-26:~$ vim id_rsa.pub
amchugh2@g7-26:~$ ln -s ~/projects/i240b .
amchugh2@g7-26:~$ cd i240b
amchugh2@g7-26:~/i240b$ ls -a
.  ..  .git  .gitignore  README.md
amchugh2@g7-26:~/i240b$ cd ~/i240b
amchugh2@g7-26:~/i240b$ git status -s
amchugh2@g7-26:~/i240b$ git commit -a -m "created cs240 repo"
On branch master
Your branch is up to date with 'origin/master'.

nothing to commit, working tree clean
amchugh2@g7-26:~/i240b$ git push
Username for 'https://github.com': amchugh2
Password for 'https://amchugh2@github.com': 
Everything up-to-date
amchugh2@g7-26:~/i240b$ ls -dl ~/cs240 ~/i240b
lrwxrwxrwx 1 amchugh2 amchugh2 14 Jan 23 15:09 /home/amchugh2/cs240 -> projects/cs240
lrwxrwxrwx 1 amchugh2 amchugh2 29 Jan 23 15:18 /home/amchugh2/i240b -> /home/amchugh2/projects/i240b
amchugh2@g7-26:~/i240b$ ls -l ~/.ssh ~/cs240 ~/i240b
lrwxrwxrwx 1 amchugh2 amchugh2 14 Jan 23 15:09 /home/amchugh2/cs240 -> projects/cs240
lrwxrwxrwx 1 amchugh2 amchugh2 29 Jan 23 15:18 /home/amchugh2/i240b -> /home/amchugh2/projects/i240b

/home/amchugh2/.ssh:
total 16
-rw------- 1 amchugh2 amchugh2  795 Jan 23 15:02 authorized_keys
-rw------- 1 amchugh2 amchugh2 1823 Jan 23 15:01 id_rsa
-rw-r----- 1 amchugh2 amchugh2  396 Jan 23 15:01 id_rsa.pub
-rw-r--r-- 1 amchugh2 amchugh2 1998 Oct  3 11:40 known_hosts
amchugh2@g7-26:~/i240b$ cd ~/i240b
amchugh2@g7-26:~/i240b$ git checkout -b lab0
Switched to a new branch 'lab0'
amchugh2@g7-26:~/i240b$ mkdir -p submit
amchugh2@g7-26:~/i240b$ ^C
amchugh2@g7-26:~/i240b$ exit
There are stopped jobs.
amchugh2@g7-26:~/i240b$ ls -l ~/tmp/lab0/lab0.LOG
ls: cannot access '/home/amchugh2/tmp/lab0/lab0.LOG': No such file or directory
amchugh2@g7-26:~/i240b$ cd ..
amchugh2@g7-26:~$ ls
amchugh2.circ  cs120lab6  Desktop    git-repos_copy  i220a_new	lab2	   lab5      projects	toneMelody
Arduino        cs120lab7  Documents  good	     i220X	lab2final  lab8      Public	Videos
cs120	       cs220	  Downloads  i220a	     i240b	lab2good   Music     Templates
cs120lab4      cs240	  git-repos  i220a.bak	     lab	lab3	   Pictures  tmp
amchugh2@g7-26:~$ cd tmp
amchugh2@g7-26:~/tmp$ ls
lab0  lab8  vimrc.vim.swp
amchugh2@g7-26:~/tmp$ cd lab0
amchugh2@g7-26:~/tmp/lab0$ ls
log0.LOG
amchugh2@g7-26:~/tmp/lab0$ vim lab0.LOG
amchugh2@g7-26:~/tmp/lab0$ emacs lab0.LOG
amchugh2@g7-26:~/tmp/lab0$ ls
log0.LOG
amchugh2@g7-26:~/tmp/lab0$ vim lab0.log
amchugh2@g7-26:~/tmp/lab0$ vim lab0.LOG
amchugh2@g7-26:~/tmp/lab0$ cd ..
amchugh2@g7-26:~/tmp$ cd ..
amchugh2@g7-26:~$ ls -l ~/tmp/lab0/lab0.LOG
ls: cannot access '/home/amchugh2/tmp/lab0/lab0.LOG': No such file or directory
amchugh2@g7-26:~$ ls
amchugh2.circ  cs120lab6  Desktop    git-repos_copy  i220a_new	lab2	   lab5      projects	toneMelody
Arduino        cs120lab7  Documents  good	     i220X	lab2final  lab8      Public	Videos
cs120	       cs220	  Downloads  i220a	     i240b	lab2good   Music     Templates
cs120lab4      cs240	  git-repos  i220a.bak	     lab	lab3	   Pictures  tmp
amchugh2@g7-26:~$ cd tmp
amchugh2@g7-26:~/tmp$ ls
lab0  lab8  vimrc.vim.swp
amchugh2@g7-26:~/tmp$ cd lab0
amchugh2@g7-26:~/tmp/lab0$ ls
log0.LOG
amchugh2@g7-26:~/tmp/lab0$ vim log0.LOG 
amchugh2@g7-26:~/tmp/lab0$ ls -l ~/tmp/lab0/lab0.LOG
ls: cannot access '/home/amchugh2/tmp/lab0/lab0.LOG': No such file or directory
amchugh2@g7-26:~/tmp/lab0$ ls
log0.LOG
amchugh2@g7-26:~/tmp/lab0$ pwd
/home/amchugh2/tmp/lab0
amchugh2@g7-26:~/tmp/lab0$ vim lab0.LOG
amchugh2@g7-26:~/tmp/lab0$ vim lab0.LOG
amchugh2@g7-26:~/tmp/lab0$ vim log0.LOG
amchugh2@g7-26:~/tmp/lab0$ mv log0.LOG lab0.LOG
amchugh2@g7-26:~/tmp/lab0$ ls
lab0.LOG
amchugh2@g7-26:~/tmp/lab0$ cd ~/i240b
amchugh2@g7-26:~/i240b$ mv ~/tmp/lab0 submit
amchugh2@g7-26:~/i240b$ cd ~/i240b
amchugh2@g7-26:~/i240b$ git branch -l
* lab0
  master
amchugh2@g7-26:~/i240b$ git merge -m "merged master" master
Already up to date.
amchugh2@g7-26:~/i240b$ git add submit/lab0
amchugh2@g7-26:~/i240b$ git status -s
A  submit/lab0/lab0.LOG
amchugh2@g7-26:~/i240b$ git commit -a -m "completed lab0"
[lab0 a6294cf] completed lab0
 1 file changed, 87 insertions(+)
 create mode 100644 submit/lab0/lab0.LOG
amchugh2@g7-26:~/i240b$ git push -u origin lab0
Username for 'https://github.com': amchugh2
Password for 'https://amchugh2@github.com': 
Enumerating objects: 6, done.
Counting objects: 100% (6/6), done.
Delta compression using up to 8 threads
Compressing objects: 100% (3/3), done.
Writing objects: 100% (5/5), 2.00 KiB | 1.00 MiB/s, done.
Total 5 (delta 0), reused 0 (delta 0)
remote: 
remote: Create a pull request for 'lab0' on GitHub by visiting:
remote:      https://github.com/amchugh2/i240b/pull/new/lab0
remote: 
To https://github.com/amchugh2/i240b
 * [new branch]      lab0 -> lab0
Branch 'lab0' set up to track remote branch 'lab0' from 'origin'.
amchugh2@g7-26:~/i240b$ git checkout master
Switched to branch 'master'
Your branch is up to date with 'origin/master'.
amchugh2@g7-26:~/i240b$ git merge lab0 -m "merged lab0"
Updating 4903439..a6294cf
Fast-forward (no commit created; -m option ignored)
 submit/lab0/lab0.LOG | 87 +++++++++++++++++++++++++++++++++++++++++++++++++++++++++++++++++++++++++++++++
 1 file changed, 87 insertions(+)
 create mode 100644 submit/lab0/lab0.LOG
amchugh2@g7-26:~/i240b$ git push
Username for 'https://github.com': amchugh2
Password for 'https://amchugh2@github.com': 
Total 0 (delta 0), reused 0 (delta 0)
To https://github.com/amchugh2/i240b
   4903439..a6294cf  master -> master
amchugh2@g7-26:~/i240b$ 


amchugh2@g7-26:~/tmp/lab0$ ssh amchugh2@remote
Linux remote00 4.19.0-5-amd64 #1 SMP Debian 4.19.37-5 (2019-06-19) x86_64

The programs included with the Debian GNU/Linux system are free software;
the exact distribution terms for each program are described in the
individual files in /usr/share/doc/*/copyright.

Debian GNU/Linux comes with ABSOLUTELY NO WARRANTY, to the extent
permitted by applicable law.
Last login: Thu Dec  5 13:33:00 2019 from 149.125.38.177

amchugh2@remote00:~$ l[Kls
amchugh2.circ  cs220	       good	  lab2	     Music	 Videos
Arduino        Desktop	       i220a	  lab2final  Pictures
cs120	       Documents       i220a.bak  lab2good   Public
cs120lab4      Downloads       i220a_new  lab3	     Templates
cs120lab6      git-repos       i220X	  lab5	     tmp
cs120lab7      git-repos_copy  lab	  lab8	     toneMelody
amchugh2@remote00:~$ ls
amchugh2.circ  cs220	       good	  lab2	     Music	 Videos
Arduino        Desktop	       i220a	  lab2final  Pictures
cs120	       Documents       i220a.bak  lab2good   Public
cs120lab4      Downloads       i220a_new  lab3	     Templates
cs120lab6      git-repos       i220X	  lab5	     tmp
cs120lab7      git-repos_copy  lab	  lab8	     toneMelody
amchugh2@remote00:~$ cd ..
amchugh2@remote00:/home$ cd ..
amchugh2@remote00:/$ l[Kcd tmp
amchugh2@remote00:/tmp$ ls
coc-1035203.vim
krb5ccmachine_CS.BINGHAMTON.EDU
systemd-private-42068b330eb14231bb0cc93d9a98966b-lldpd.service-MCm6yO
systemd-private-42068b330eb14231bb0cc93d9a98966b-ModemManager.service-rDe986
systemd-private-42068b330eb14231bb0cc93d9a98966b-ntp.service-lutfVB
systemd-private-42068b330eb14231bb0cc93d9a98966b-rtkit-daemon.service-wlP40F
systemd-private-42068b330eb14231bb0cc93d9a98966b-systemd-logind.service-Smoiws
vmware-root_660-2697467306
amchugh2@remote00:/tmp$ cd ..
amchugh2@remote00:/$ 
[Kamchugh2@remote00:/$ cd ..[Kcd ..[3Plscd tmp[4Plscd ..[Kls[K[Kls -l ~/tmp/t[Klab
lab0/ lab8/ 
amchugh2@remote00:/$ ls -l ~/tmp/lab0/log0.LOG [K[K[K[K[K.LOG 
-rw-r--r-- 1 amchugh2 amchugh2 0 Jan 23 15:00 /home/amchugh2/tmp/lab0/log0.LOG
amchugh2@remote00:/$ logout
Connection to remote closed.

amchugh2@g7-26:~/tmp/lab0$ exit

Script done on 2020-01-23 15:25:24-05:00 [COMMAND_EXIT_CODE="0"]
